#-----------------------------------------------------------
# Vivado v2018.3 (64-bit)
# SW Build 2405991 on Thu Dec  6 23:38:27 MST 2018
# IP Build 2404404 on Fri Dec  7 01:43:56 MST 2018
# Start of session at: Wed Nov 11 13:51:38 2020
# Process ID: 14564
# Current directory: C:/Users/Kayn/Documents/Facultate/SMP/lab02/project_2
# Command line: vivado.exe -gui_launcher_event rodinguilauncherevent14632 C:\Users\Kayn\Documents\Facultate\SMP\lab02\project_2\project_2.xpr
# Log file: C:/Users/Kayn/Documents/Facultate/SMP/lab02/project_2/vivado.log
# Journal file: C:/Users/Kayn/Documents/Facultate/SMP/lab02/project_2\vivado.jou
#-----------------------------------------------------------
start_gui
open_project C:/Users/Kayn/Documents/Facultate/SMP/lab02/project_2/project_2.xpr
launch_simulation
source simulare.tcl
update_compile_order -fileset sources_1
current_wave_config {Untitled 1}
add_wave {{/simulare/lab2/design_1_i}} 
relaunch_sim
current_wave_config {Untitled 1}
add_wave {{/simulare/lab2/design_1_i/ram8kx8_0}} 
current_wave_config {Untitled 1}
add_wave {{/simulare/lab2/design_1_i/ram8kx8_1}} 
relaunch_sim
run 10 us
open_bd_design {C:/Users/Kayn/Documents/Facultate/SMP/lab02/project_2/project_2.srcs/sources_1/bd/design_1/design_1.bd}
open_bd_design {C:/Users/Kayn/Documents/Facultate/SMP/lab02/project_2/project_2.srcs/sources_1/bd/design_1/design_1.bd}
current_wave_config {Untitled 1}
add_wave {{/simulare/lab2/design_1_i/ram8kx8_0}} 
current_wave_config {Untitled 1}
add_wave {{/simulare/lab2/design_1_i/ram8kx8_1}} 
save_wave_config {C:/Users/Kayn/Documents/Facultate/SMP/lab02/project_2/simulare_behav.wcfg}
add_files -fileset sim_1 -norecurse C:/Users/Kayn/Documents/Facultate/SMP/lab02/project_2/simulare_behav.wcfg
set_property xsim.view {C:/Users/Kayn/Documents/Facultate/SMP/lab02/project_2/project_2/simulare_behav.wcfg C:/Users/Kayn/Documents/Facultate/SMP/lab02/project_2/simulare_behav.wcfg} [get_filesets sim_1]
close_sim
